<html>
<body>
<pre>
<h1>µVision Build Log</h1>
<h2>Tool Versions:</h2>
IDE-Version: µVision V5.26.2.0
Copyright (C) 2018 ARM Ltd and ARM Germany GmbH. All rights reserved.
License Information: Fernando Lahoz Bernad, Unizar, LIC=----
 
Tool Versions:
Toolchain:       MDK-Lite  Version: 5.26.2.0
Toolchain Path:  C:\Keil_v5\ARM\ARMCC\Bin
C Compiler:      Armcc.exe V5.06 update 6 (build 750)
Assembler:       Armasm.exe V5.06 update 6 (build 750)
Linker/Locator:  ArmLink.exe V5.06 update 6 (build 750)
Library Manager: ArmAr.exe V5.06 update 6 (build 750)
Hex Converter:   FromElf.exe V5.06 update 6 (build 750)
CPU DLL:         SARM.DLL V5.26.2.0
Dialog DLL:      DARMP.DLL V1.53.0.0
Target DLL:      UL2ARM.DLL V1.74.10.0
Dialog DLL:      TARMP.DLL V1.53.0.0
 
<h2>Project:</h2>
C:\Users\Fernando\Desktop\keil_reversi\keil_reversi.uvproj
Project File Date:  10/28/2022

<h2>Output:</h2>
*** Using Compiler 'V5.06 update 6 (build 750)', folder: 'C:\Keil_v5\ARM\ARMCC\Bin'
Rebuild target 'Simulator'
assembling conecta4_hay_linea_arm_arm.s...
assembling Startup.s...
assembling conecta4_hay_linea_arm_c.s...
assembling conecta4_buscar_alineamiento_arm.s...
compiling entrada.c...
compiling main.c...
compiling temporizador.c...
compiling cola_asyn.c...
compiling test_tableros.c...
compiling conecta4_2022.c...
linking...
.\Objects\keil_reversi.axf: Warning: L6305W: Image does not have an entry point. (Not specified or not set due to multiple choices.)
Program Size: Code=3192 RO-data=32 RW-data=68 ZI-data=2276  
Finished: 0 information, 1 warning and 0 error messages.
".\Objects\keil_reversi.axf" - 0 Error(s), 1 Warning(s).
Build Time Elapsed:  00:00:00
</pre>
</body>
</html>
